// Jest Snapshot v1, https://goo.gl/fbAQLP

exports[`GithubAPIClient #listReposStarredByAuthenticatedUser can request a single page with page size 1`] = `
Array [
  Object {
    "repo": Object {
      "archive_url": "https://api.github.com/repos/sindresorhus/emittery/{archive_format}{/ref}",
      "archived": false,
      "assignees_url": "https://api.github.com/repos/sindresorhus/emittery/assignees{/user}",
      "blobs_url": "https://api.github.com/repos/sindresorhus/emittery/git/blobs{/sha}",
      "branches_url": "https://api.github.com/repos/sindresorhus/emittery/branches{/branch}",
      "clone_url": "https://github.com/sindresorhus/emittery.git",
      "collaborators_url": "https://api.github.com/repos/sindresorhus/emittery/collaborators{/collaborator}",
      "comments_url": "https://api.github.com/repos/sindresorhus/emittery/comments{/number}",
      "commits_url": "https://api.github.com/repos/sindresorhus/emittery/commits{/sha}",
      "compare_url": "https://api.github.com/repos/sindresorhus/emittery/compare/{base}...{head}",
      "contents_url": "https://api.github.com/repos/sindresorhus/emittery/contents/{+path}",
      "contributors_url": "https://api.github.com/repos/sindresorhus/emittery/contributors",
      "created_at": "2017-11-27T21:09:55Z",
      "default_branch": "master",
      "deployments_url": "https://api.github.com/repos/sindresorhus/emittery/deployments",
      "description": "Simple and modern async event emitter",
      "disabled": false,
      "downloads_url": "https://api.github.com/repos/sindresorhus/emittery/downloads",
      "events_url": "https://api.github.com/repos/sindresorhus/emittery/events",
      "fork": false,
      "forks": 36,
      "forks_count": 36,
      "forks_url": "https://api.github.com/repos/sindresorhus/emittery/forks",
      "full_name": "sindresorhus/emittery",
      "git_commits_url": "https://api.github.com/repos/sindresorhus/emittery/git/commits{/sha}",
      "git_refs_url": "https://api.github.com/repos/sindresorhus/emittery/git/refs{/sha}",
      "git_tags_url": "https://api.github.com/repos/sindresorhus/emittery/git/tags{/sha}",
      "git_url": "git://github.com/sindresorhus/emittery.git",
      "has_downloads": true,
      "has_issues": true,
      "has_pages": false,
      "has_projects": false,
      "has_wiki": false,
      "homepage": null,
      "hooks_url": "https://api.github.com/repos/sindresorhus/emittery/hooks",
      "html_url": "https://github.com/sindresorhus/emittery",
      "id": 112248999,
      "issue_comment_url": "https://api.github.com/repos/sindresorhus/emittery/issues/comments{/number}",
      "issue_events_url": "https://api.github.com/repos/sindresorhus/emittery/issues/events{/number}",
      "issues_url": "https://api.github.com/repos/sindresorhus/emittery/issues{/number}",
      "keys_url": "https://api.github.com/repos/sindresorhus/emittery/keys{/key_id}",
      "labels_url": "https://api.github.com/repos/sindresorhus/emittery/labels{/name}",
      "language": "JavaScript",
      "languages_url": "https://api.github.com/repos/sindresorhus/emittery/languages",
      "license": Object {
        "key": "mit",
        "name": "MIT License",
        "node_id": "MDc6TGljZW5zZTEz",
        "spdx_id": "MIT",
        "url": "https://api.github.com/licenses/mit",
      },
      "merges_url": "https://api.github.com/repos/sindresorhus/emittery/merges",
      "milestones_url": "https://api.github.com/repos/sindresorhus/emittery/milestones{/number}",
      "mirror_url": null,
      "name": "emittery",
      "node_id": "MDEwOlJlcG9zaXRvcnkxMTIyNDg5OTk=",
      "notifications_url": "https://api.github.com/repos/sindresorhus/emittery/notifications{?since,all,participating}",
      "open_issues": 7,
      "open_issues_count": 7,
      "owner": Object {
        "avatar_url": "https://avatars1.githubusercontent.com/u/170270?v=4",
        "events_url": "https://api.github.com/users/sindresorhus/events{/privacy}",
        "followers_url": "https://api.github.com/users/sindresorhus/followers",
        "following_url": "https://api.github.com/users/sindresorhus/following{/other_user}",
        "gists_url": "https://api.github.com/users/sindresorhus/gists{/gist_id}",
        "gravatar_id": "",
        "html_url": "https://github.com/sindresorhus",
        "id": 170270,
        "login": "sindresorhus",
        "node_id": "MDQ6VXNlcjE3MDI3MA==",
        "organizations_url": "https://api.github.com/users/sindresorhus/orgs",
        "received_events_url": "https://api.github.com/users/sindresorhus/received_events",
        "repos_url": "https://api.github.com/users/sindresorhus/repos",
        "site_admin": false,
        "starred_url": "https://api.github.com/users/sindresorhus/starred{/owner}{/repo}",
        "subscriptions_url": "https://api.github.com/users/sindresorhus/subscriptions",
        "type": "User",
        "url": "https://api.github.com/users/sindresorhus",
      },
      "permissions": Object {
        "admin": false,
        "pull": true,
        "push": false,
      },
      "private": false,
      "pulls_url": "https://api.github.com/repos/sindresorhus/emittery/pulls{/number}",
      "pushed_at": "2019-09-23T14:50:16Z",
      "releases_url": "https://api.github.com/repos/sindresorhus/emittery/releases{/id}",
      "size": 888,
      "ssh_url": "git@github.com:sindresorhus/emittery.git",
      "stargazers_count": 933,
      "stargazers_url": "https://api.github.com/repos/sindresorhus/emittery/stargazers",
      "statuses_url": "https://api.github.com/repos/sindresorhus/emittery/statuses/{sha}",
      "subscribers_url": "https://api.github.com/repos/sindresorhus/emittery/subscribers",
      "subscription_url": "https://api.github.com/repos/sindresorhus/emittery/subscription",
      "svn_url": "https://github.com/sindresorhus/emittery",
      "tags_url": "https://api.github.com/repos/sindresorhus/emittery/tags",
      "teams_url": "https://api.github.com/repos/sindresorhus/emittery/teams",
      "topics": Array [
        "async",
        "emitter",
        "event-emitter",
        "event-listener",
        "javascript",
        "nodejs",
        "npm-package",
        "promise",
      ],
      "trees_url": "https://api.github.com/repos/sindresorhus/emittery/git/trees{/sha}",
      "updated_at": "2019-09-24T20:13:10Z",
      "url": "https://api.github.com/repos/sindresorhus/emittery",
      "watchers": 933,
      "watchers_count": 933,
    },
    "starred_at": "2019-09-24T00:57:46Z",
  },
  Object {
    "repo": Object {
      "archive_url": "https://api.github.com/repos/zeit/async-sema/{archive_format}{/ref}",
      "archived": false,
      "assignees_url": "https://api.github.com/repos/zeit/async-sema/assignees{/user}",
      "blobs_url": "https://api.github.com/repos/zeit/async-sema/git/blobs{/sha}",
      "branches_url": "https://api.github.com/repos/zeit/async-sema/branches{/branch}",
      "clone_url": "https://github.com/zeit/async-sema.git",
      "collaborators_url": "https://api.github.com/repos/zeit/async-sema/collaborators{/collaborator}",
      "comments_url": "https://api.github.com/repos/zeit/async-sema/comments{/number}",
      "commits_url": "https://api.github.com/repos/zeit/async-sema/commits{/sha}",
      "compare_url": "https://api.github.com/repos/zeit/async-sema/compare/{base}...{head}",
      "contents_url": "https://api.github.com/repos/zeit/async-sema/contents/{+path}",
      "contributors_url": "https://api.github.com/repos/zeit/async-sema/contributors",
      "created_at": "2017-02-12T10:21:38Z",
      "default_branch": "master",
      "deployments_url": "https://api.github.com/repos/zeit/async-sema/deployments",
      "description": "Semaphore using \`async\` and \`await\`",
      "disabled": false,
      "downloads_url": "https://api.github.com/repos/zeit/async-sema/downloads",
      "events_url": "https://api.github.com/repos/zeit/async-sema/events",
      "fork": false,
      "forks": 13,
      "forks_count": 13,
      "forks_url": "https://api.github.com/repos/zeit/async-sema/forks",
      "full_name": "zeit/async-sema",
      "git_commits_url": "https://api.github.com/repos/zeit/async-sema/git/commits{/sha}",
      "git_refs_url": "https://api.github.com/repos/zeit/async-sema/git/refs{/sha}",
      "git_tags_url": "https://api.github.com/repos/zeit/async-sema/git/tags{/sha}",
      "git_url": "git://github.com/zeit/async-sema.git",
      "has_downloads": true,
      "has_issues": true,
      "has_pages": false,
      "has_projects": false,
      "has_wiki": false,
      "homepage": "https://npmjs.com/async-sema",
      "hooks_url": "https://api.github.com/repos/zeit/async-sema/hooks",
      "html_url": "https://github.com/zeit/async-sema",
      "id": 81717988,
      "issue_comment_url": "https://api.github.com/repos/zeit/async-sema/issues/comments{/number}",
      "issue_events_url": "https://api.github.com/repos/zeit/async-sema/issues/events{/number}",
      "issues_url": "https://api.github.com/repos/zeit/async-sema/issues{/number}",
      "keys_url": "https://api.github.com/repos/zeit/async-sema/keys{/key_id}",
      "labels_url": "https://api.github.com/repos/zeit/async-sema/labels{/name}",
      "language": "TypeScript",
      "languages_url": "https://api.github.com/repos/zeit/async-sema/languages",
      "license": Object {
        "key": "mit",
        "name": "MIT License",
        "node_id": "MDc6TGljZW5zZTEz",
        "spdx_id": "MIT",
        "url": "https://api.github.com/licenses/mit",
      },
      "merges_url": "https://api.github.com/repos/zeit/async-sema/merges",
      "milestones_url": "https://api.github.com/repos/zeit/async-sema/milestones{/number}",
      "mirror_url": null,
      "name": "async-sema",
      "node_id": "MDEwOlJlcG9zaXRvcnk4MTcxNzk4OA==",
      "notifications_url": "https://api.github.com/repos/zeit/async-sema/notifications{?since,all,participating}",
      "open_issues": 4,
      "open_issues_count": 4,
      "owner": Object {
        "avatar_url": "https://avatars0.githubusercontent.com/u/14985020?v=4",
        "events_url": "https://api.github.com/users/zeit/events{/privacy}",
        "followers_url": "https://api.github.com/users/zeit/followers",
        "following_url": "https://api.github.com/users/zeit/following{/other_user}",
        "gists_url": "https://api.github.com/users/zeit/gists{/gist_id}",
        "gravatar_id": "",
        "html_url": "https://github.com/zeit",
        "id": 14985020,
        "login": "zeit",
        "node_id": "MDEyOk9yZ2FuaXphdGlvbjE0OTg1MDIw",
        "organizations_url": "https://api.github.com/users/zeit/orgs",
        "received_events_url": "https://api.github.com/users/zeit/received_events",
        "repos_url": "https://api.github.com/users/zeit/repos",
        "site_admin": false,
        "starred_url": "https://api.github.com/users/zeit/starred{/owner}{/repo}",
        "subscriptions_url": "https://api.github.com/users/zeit/subscriptions",
        "type": "Organization",
        "url": "https://api.github.com/users/zeit",
      },
      "permissions": Object {
        "admin": false,
        "pull": true,
        "push": false,
      },
      "private": false,
      "pulls_url": "https://api.github.com/repos/zeit/async-sema/pulls{/number}",
      "pushed_at": "2019-09-18T18:25:26Z",
      "releases_url": "https://api.github.com/repos/zeit/async-sema/releases{/id}",
      "size": 43,
      "ssh_url": "git@github.com:zeit/async-sema.git",
      "stargazers_count": 206,
      "stargazers_url": "https://api.github.com/repos/zeit/async-sema/stargazers",
      "statuses_url": "https://api.github.com/repos/zeit/async-sema/statuses/{sha}",
      "subscribers_url": "https://api.github.com/repos/zeit/async-sema/subscribers",
      "subscription_url": "https://api.github.com/repos/zeit/async-sema/subscription",
      "svn_url": "https://github.com/zeit/async-sema",
      "tags_url": "https://api.github.com/repos/zeit/async-sema/tags",
      "teams_url": "https://api.github.com/repos/zeit/async-sema/teams",
      "topics": Array [
        "async",
        "asynchronous",
        "await",
        "package",
        "semaphore",
      ],
      "trees_url": "https://api.github.com/repos/zeit/async-sema/git/trees{/sha}",
      "updated_at": "2019-09-22T17:12:59Z",
      "url": "https://api.github.com/repos/zeit/async-sema",
      "watchers": 206,
      "watchers_count": 206,
    },
    "starred_at": "2019-09-21T16:47:07Z",
  },
]
`;

exports[`GithubAPIClient #listReposStarredByAuthenticatedUser can request multiple pages with a limit 1`] = `
Array [
  Object {
    "repo": Object {
      "archive_url": "https://api.github.com/repos/sindresorhus/emittery/{archive_format}{/ref}",
      "archived": false,
      "assignees_url": "https://api.github.com/repos/sindresorhus/emittery/assignees{/user}",
      "blobs_url": "https://api.github.com/repos/sindresorhus/emittery/git/blobs{/sha}",
      "branches_url": "https://api.github.com/repos/sindresorhus/emittery/branches{/branch}",
      "clone_url": "https://github.com/sindresorhus/emittery.git",
      "collaborators_url": "https://api.github.com/repos/sindresorhus/emittery/collaborators{/collaborator}",
      "comments_url": "https://api.github.com/repos/sindresorhus/emittery/comments{/number}",
      "commits_url": "https://api.github.com/repos/sindresorhus/emittery/commits{/sha}",
      "compare_url": "https://api.github.com/repos/sindresorhus/emittery/compare/{base}...{head}",
      "contents_url": "https://api.github.com/repos/sindresorhus/emittery/contents/{+path}",
      "contributors_url": "https://api.github.com/repos/sindresorhus/emittery/contributors",
      "created_at": "2017-11-27T21:09:55Z",
      "default_branch": "master",
      "deployments_url": "https://api.github.com/repos/sindresorhus/emittery/deployments",
      "description": "Simple and modern async event emitter",
      "disabled": false,
      "downloads_url": "https://api.github.com/repos/sindresorhus/emittery/downloads",
      "events_url": "https://api.github.com/repos/sindresorhus/emittery/events",
      "fork": false,
      "forks": 36,
      "forks_count": 36,
      "forks_url": "https://api.github.com/repos/sindresorhus/emittery/forks",
      "full_name": "sindresorhus/emittery",
      "git_commits_url": "https://api.github.com/repos/sindresorhus/emittery/git/commits{/sha}",
      "git_refs_url": "https://api.github.com/repos/sindresorhus/emittery/git/refs{/sha}",
      "git_tags_url": "https://api.github.com/repos/sindresorhus/emittery/git/tags{/sha}",
      "git_url": "git://github.com/sindresorhus/emittery.git",
      "has_downloads": true,
      "has_issues": true,
      "has_pages": false,
      "has_projects": false,
      "has_wiki": false,
      "homepage": null,
      "hooks_url": "https://api.github.com/repos/sindresorhus/emittery/hooks",
      "html_url": "https://github.com/sindresorhus/emittery",
      "id": 112248999,
      "issue_comment_url": "https://api.github.com/repos/sindresorhus/emittery/issues/comments{/number}",
      "issue_events_url": "https://api.github.com/repos/sindresorhus/emittery/issues/events{/number}",
      "issues_url": "https://api.github.com/repos/sindresorhus/emittery/issues{/number}",
      "keys_url": "https://api.github.com/repos/sindresorhus/emittery/keys{/key_id}",
      "labels_url": "https://api.github.com/repos/sindresorhus/emittery/labels{/name}",
      "language": "JavaScript",
      "languages_url": "https://api.github.com/repos/sindresorhus/emittery/languages",
      "license": Object {
        "key": "mit",
        "name": "MIT License",
        "node_id": "MDc6TGljZW5zZTEz",
        "spdx_id": "MIT",
        "url": "https://api.github.com/licenses/mit",
      },
      "merges_url": "https://api.github.com/repos/sindresorhus/emittery/merges",
      "milestones_url": "https://api.github.com/repos/sindresorhus/emittery/milestones{/number}",
      "mirror_url": null,
      "name": "emittery",
      "node_id": "MDEwOlJlcG9zaXRvcnkxMTIyNDg5OTk=",
      "notifications_url": "https://api.github.com/repos/sindresorhus/emittery/notifications{?since,all,participating}",
      "open_issues": 7,
      "open_issues_count": 7,
      "owner": Object {
        "avatar_url": "https://avatars1.githubusercontent.com/u/170270?v=4",
        "events_url": "https://api.github.com/users/sindresorhus/events{/privacy}",
        "followers_url": "https://api.github.com/users/sindresorhus/followers",
        "following_url": "https://api.github.com/users/sindresorhus/following{/other_user}",
        "gists_url": "https://api.github.com/users/sindresorhus/gists{/gist_id}",
        "gravatar_id": "",
        "html_url": "https://github.com/sindresorhus",
        "id": 170270,
        "login": "sindresorhus",
        "node_id": "MDQ6VXNlcjE3MDI3MA==",
        "organizations_url": "https://api.github.com/users/sindresorhus/orgs",
        "received_events_url": "https://api.github.com/users/sindresorhus/received_events",
        "repos_url": "https://api.github.com/users/sindresorhus/repos",
        "site_admin": false,
        "starred_url": "https://api.github.com/users/sindresorhus/starred{/owner}{/repo}",
        "subscriptions_url": "https://api.github.com/users/sindresorhus/subscriptions",
        "type": "User",
        "url": "https://api.github.com/users/sindresorhus",
      },
      "permissions": Object {
        "admin": false,
        "pull": true,
        "push": false,
      },
      "private": false,
      "pulls_url": "https://api.github.com/repos/sindresorhus/emittery/pulls{/number}",
      "pushed_at": "2019-09-23T14:50:16Z",
      "releases_url": "https://api.github.com/repos/sindresorhus/emittery/releases{/id}",
      "size": 888,
      "ssh_url": "git@github.com:sindresorhus/emittery.git",
      "stargazers_count": 933,
      "stargazers_url": "https://api.github.com/repos/sindresorhus/emittery/stargazers",
      "statuses_url": "https://api.github.com/repos/sindresorhus/emittery/statuses/{sha}",
      "subscribers_url": "https://api.github.com/repos/sindresorhus/emittery/subscribers",
      "subscription_url": "https://api.github.com/repos/sindresorhus/emittery/subscription",
      "svn_url": "https://github.com/sindresorhus/emittery",
      "tags_url": "https://api.github.com/repos/sindresorhus/emittery/tags",
      "teams_url": "https://api.github.com/repos/sindresorhus/emittery/teams",
      "topics": Array [
        "async",
        "emitter",
        "event-emitter",
        "event-listener",
        "javascript",
        "nodejs",
        "npm-package",
        "promise",
      ],
      "trees_url": "https://api.github.com/repos/sindresorhus/emittery/git/trees{/sha}",
      "updated_at": "2019-09-24T20:13:10Z",
      "url": "https://api.github.com/repos/sindresorhus/emittery",
      "watchers": 933,
      "watchers_count": 933,
    },
    "starred_at": "2019-09-24T00:57:46Z",
  },
  Object {
    "repo": Object {
      "archive_url": "https://api.github.com/repos/zeit/async-sema/{archive_format}{/ref}",
      "archived": false,
      "assignees_url": "https://api.github.com/repos/zeit/async-sema/assignees{/user}",
      "blobs_url": "https://api.github.com/repos/zeit/async-sema/git/blobs{/sha}",
      "branches_url": "https://api.github.com/repos/zeit/async-sema/branches{/branch}",
      "clone_url": "https://github.com/zeit/async-sema.git",
      "collaborators_url": "https://api.github.com/repos/zeit/async-sema/collaborators{/collaborator}",
      "comments_url": "https://api.github.com/repos/zeit/async-sema/comments{/number}",
      "commits_url": "https://api.github.com/repos/zeit/async-sema/commits{/sha}",
      "compare_url": "https://api.github.com/repos/zeit/async-sema/compare/{base}...{head}",
      "contents_url": "https://api.github.com/repos/zeit/async-sema/contents/{+path}",
      "contributors_url": "https://api.github.com/repos/zeit/async-sema/contributors",
      "created_at": "2017-02-12T10:21:38Z",
      "default_branch": "master",
      "deployments_url": "https://api.github.com/repos/zeit/async-sema/deployments",
      "description": "Semaphore using \`async\` and \`await\`",
      "disabled": false,
      "downloads_url": "https://api.github.com/repos/zeit/async-sema/downloads",
      "events_url": "https://api.github.com/repos/zeit/async-sema/events",
      "fork": false,
      "forks": 13,
      "forks_count": 13,
      "forks_url": "https://api.github.com/repos/zeit/async-sema/forks",
      "full_name": "zeit/async-sema",
      "git_commits_url": "https://api.github.com/repos/zeit/async-sema/git/commits{/sha}",
      "git_refs_url": "https://api.github.com/repos/zeit/async-sema/git/refs{/sha}",
      "git_tags_url": "https://api.github.com/repos/zeit/async-sema/git/tags{/sha}",
      "git_url": "git://github.com/zeit/async-sema.git",
      "has_downloads": true,
      "has_issues": true,
      "has_pages": false,
      "has_projects": false,
      "has_wiki": false,
      "homepage": "https://npmjs.com/async-sema",
      "hooks_url": "https://api.github.com/repos/zeit/async-sema/hooks",
      "html_url": "https://github.com/zeit/async-sema",
      "id": 81717988,
      "issue_comment_url": "https://api.github.com/repos/zeit/async-sema/issues/comments{/number}",
      "issue_events_url": "https://api.github.com/repos/zeit/async-sema/issues/events{/number}",
      "issues_url": "https://api.github.com/repos/zeit/async-sema/issues{/number}",
      "keys_url": "https://api.github.com/repos/zeit/async-sema/keys{/key_id}",
      "labels_url": "https://api.github.com/repos/zeit/async-sema/labels{/name}",
      "language": "TypeScript",
      "languages_url": "https://api.github.com/repos/zeit/async-sema/languages",
      "license": Object {
        "key": "mit",
        "name": "MIT License",
        "node_id": "MDc6TGljZW5zZTEz",
        "spdx_id": "MIT",
        "url": "https://api.github.com/licenses/mit",
      },
      "merges_url": "https://api.github.com/repos/zeit/async-sema/merges",
      "milestones_url": "https://api.github.com/repos/zeit/async-sema/milestones{/number}",
      "mirror_url": null,
      "name": "async-sema",
      "node_id": "MDEwOlJlcG9zaXRvcnk4MTcxNzk4OA==",
      "notifications_url": "https://api.github.com/repos/zeit/async-sema/notifications{?since,all,participating}",
      "open_issues": 4,
      "open_issues_count": 4,
      "owner": Object {
        "avatar_url": "https://avatars0.githubusercontent.com/u/14985020?v=4",
        "events_url": "https://api.github.com/users/zeit/events{/privacy}",
        "followers_url": "https://api.github.com/users/zeit/followers",
        "following_url": "https://api.github.com/users/zeit/following{/other_user}",
        "gists_url": "https://api.github.com/users/zeit/gists{/gist_id}",
        "gravatar_id": "",
        "html_url": "https://github.com/zeit",
        "id": 14985020,
        "login": "zeit",
        "node_id": "MDEyOk9yZ2FuaXphdGlvbjE0OTg1MDIw",
        "organizations_url": "https://api.github.com/users/zeit/orgs",
        "received_events_url": "https://api.github.com/users/zeit/received_events",
        "repos_url": "https://api.github.com/users/zeit/repos",
        "site_admin": false,
        "starred_url": "https://api.github.com/users/zeit/starred{/owner}{/repo}",
        "subscriptions_url": "https://api.github.com/users/zeit/subscriptions",
        "type": "Organization",
        "url": "https://api.github.com/users/zeit",
      },
      "permissions": Object {
        "admin": false,
        "pull": true,
        "push": false,
      },
      "private": false,
      "pulls_url": "https://api.github.com/repos/zeit/async-sema/pulls{/number}",
      "pushed_at": "2019-09-18T18:25:26Z",
      "releases_url": "https://api.github.com/repos/zeit/async-sema/releases{/id}",
      "size": 43,
      "ssh_url": "git@github.com:zeit/async-sema.git",
      "stargazers_count": 206,
      "stargazers_url": "https://api.github.com/repos/zeit/async-sema/stargazers",
      "statuses_url": "https://api.github.com/repos/zeit/async-sema/statuses/{sha}",
      "subscribers_url": "https://api.github.com/repos/zeit/async-sema/subscribers",
      "subscription_url": "https://api.github.com/repos/zeit/async-sema/subscription",
      "svn_url": "https://github.com/zeit/async-sema",
      "tags_url": "https://api.github.com/repos/zeit/async-sema/tags",
      "teams_url": "https://api.github.com/repos/zeit/async-sema/teams",
      "topics": Array [
        "async",
        "asynchronous",
        "await",
        "package",
        "semaphore",
      ],
      "trees_url": "https://api.github.com/repos/zeit/async-sema/git/trees{/sha}",
      "updated_at": "2019-09-22T17:12:59Z",
      "url": "https://api.github.com/repos/zeit/async-sema",
      "watchers": 206,
      "watchers_count": 206,
    },
    "starred_at": "2019-09-21T16:47:07Z",
  },
]
`;

exports[`GithubAPIClient #listReposStarredByAuthenticatedUser can request multiple pages with a limit 2`] = `
Array [
  Object {
    "repo": Object {
      "archive_url": "https://api.github.com/repos/dylanaraps/pure-bash-bible/{archive_format}{/ref}",
      "archived": false,
      "assignees_url": "https://api.github.com/repos/dylanaraps/pure-bash-bible/assignees{/user}",
      "blobs_url": "https://api.github.com/repos/dylanaraps/pure-bash-bible/git/blobs{/sha}",
      "branches_url": "https://api.github.com/repos/dylanaraps/pure-bash-bible/branches{/branch}",
      "clone_url": "https://github.com/dylanaraps/pure-bash-bible.git",
      "collaborators_url": "https://api.github.com/repos/dylanaraps/pure-bash-bible/collaborators{/collaborator}",
      "comments_url": "https://api.github.com/repos/dylanaraps/pure-bash-bible/comments{/number}",
      "commits_url": "https://api.github.com/repos/dylanaraps/pure-bash-bible/commits{/sha}",
      "compare_url": "https://api.github.com/repos/dylanaraps/pure-bash-bible/compare/{base}...{head}",
      "contents_url": "https://api.github.com/repos/dylanaraps/pure-bash-bible/contents/{+path}",
      "contributors_url": "https://api.github.com/repos/dylanaraps/pure-bash-bible/contributors",
      "created_at": "2018-06-13T01:39:33Z",
      "default_branch": "master",
      "deployments_url": "https://api.github.com/repos/dylanaraps/pure-bash-bible/deployments",
      "description": "📖 A collection of pure bash alternatives to external processes.",
      "disabled": false,
      "downloads_url": "https://api.github.com/repos/dylanaraps/pure-bash-bible/downloads",
      "events_url": "https://api.github.com/repos/dylanaraps/pure-bash-bible/events",
      "fork": false,
      "forks": 1515,
      "forks_count": 1515,
      "forks_url": "https://api.github.com/repos/dylanaraps/pure-bash-bible/forks",
      "full_name": "dylanaraps/pure-bash-bible",
      "git_commits_url": "https://api.github.com/repos/dylanaraps/pure-bash-bible/git/commits{/sha}",
      "git_refs_url": "https://api.github.com/repos/dylanaraps/pure-bash-bible/git/refs{/sha}",
      "git_tags_url": "https://api.github.com/repos/dylanaraps/pure-bash-bible/git/tags{/sha}",
      "git_url": "git://github.com/dylanaraps/pure-bash-bible.git",
      "has_downloads": true,
      "has_issues": true,
      "has_pages": false,
      "has_projects": false,
      "has_wiki": false,
      "homepage": "",
      "hooks_url": "https://api.github.com/repos/dylanaraps/pure-bash-bible/hooks",
      "html_url": "https://github.com/dylanaraps/pure-bash-bible",
      "id": 137147386,
      "issue_comment_url": "https://api.github.com/repos/dylanaraps/pure-bash-bible/issues/comments{/number}",
      "issue_events_url": "https://api.github.com/repos/dylanaraps/pure-bash-bible/issues/events{/number}",
      "issues_url": "https://api.github.com/repos/dylanaraps/pure-bash-bible/issues{/number}",
      "keys_url": "https://api.github.com/repos/dylanaraps/pure-bash-bible/keys{/key_id}",
      "labels_url": "https://api.github.com/repos/dylanaraps/pure-bash-bible/labels{/name}",
      "language": "Shell",
      "languages_url": "https://api.github.com/repos/dylanaraps/pure-bash-bible/languages",
      "license": Object {
        "key": "mit",
        "name": "MIT License",
        "node_id": "MDc6TGljZW5zZTEz",
        "spdx_id": "MIT",
        "url": "https://api.github.com/licenses/mit",
      },
      "merges_url": "https://api.github.com/repos/dylanaraps/pure-bash-bible/merges",
      "milestones_url": "https://api.github.com/repos/dylanaraps/pure-bash-bible/milestones{/number}",
      "mirror_url": null,
      "name": "pure-bash-bible",
      "node_id": "MDEwOlJlcG9zaXRvcnkxMzcxNDczODY=",
      "notifications_url": "https://api.github.com/repos/dylanaraps/pure-bash-bible/notifications{?since,all,participating}",
      "open_issues": 25,
      "open_issues_count": 25,
      "owner": Object {
        "avatar_url": "https://avatars3.githubusercontent.com/u/6799467?v=4",
        "events_url": "https://api.github.com/users/dylanaraps/events{/privacy}",
        "followers_url": "https://api.github.com/users/dylanaraps/followers",
        "following_url": "https://api.github.com/users/dylanaraps/following{/other_user}",
        "gists_url": "https://api.github.com/users/dylanaraps/gists{/gist_id}",
        "gravatar_id": "",
        "html_url": "https://github.com/dylanaraps",
        "id": 6799467,
        "login": "dylanaraps",
        "node_id": "MDQ6VXNlcjY3OTk0Njc=",
        "organizations_url": "https://api.github.com/users/dylanaraps/orgs",
        "received_events_url": "https://api.github.com/users/dylanaraps/received_events",
        "repos_url": "https://api.github.com/users/dylanaraps/repos",
        "site_admin": false,
        "starred_url": "https://api.github.com/users/dylanaraps/starred{/owner}{/repo}",
        "subscriptions_url": "https://api.github.com/users/dylanaraps/subscriptions",
        "type": "User",
        "url": "https://api.github.com/users/dylanaraps",
      },
      "permissions": Object {
        "admin": false,
        "pull": true,
        "push": false,
      },
      "private": false,
      "pulls_url": "https://api.github.com/repos/dylanaraps/pure-bash-bible/pulls{/number}",
      "pushed_at": "2019-09-23T03:39:57Z",
      "releases_url": "https://api.github.com/repos/dylanaraps/pure-bash-bible/releases{/id}",
      "size": 383,
      "ssh_url": "git@github.com:dylanaraps/pure-bash-bible.git",
      "stargazers_count": 20639,
      "stargazers_url": "https://api.github.com/repos/dylanaraps/pure-bash-bible/stargazers",
      "statuses_url": "https://api.github.com/repos/dylanaraps/pure-bash-bible/statuses/{sha}",
      "subscribers_url": "https://api.github.com/repos/dylanaraps/pure-bash-bible/subscribers",
      "subscription_url": "https://api.github.com/repos/dylanaraps/pure-bash-bible/subscription",
      "svn_url": "https://github.com/dylanaraps/pure-bash-bible",
      "tags_url": "https://api.github.com/repos/dylanaraps/pure-bash-bible/tags",
      "teams_url": "https://api.github.com/repos/dylanaraps/pure-bash-bible/teams",
      "topics": Array [
        "bash",
        "bible",
        "book",
        "guide",
        "handbook",
        "how-to",
        "learning",
        "list",
        "reference",
        "script",
        "shell",
        "shell-scripts",
      ],
      "trees_url": "https://api.github.com/repos/dylanaraps/pure-bash-bible/git/trees{/sha}",
      "updated_at": "2019-09-24T20:13:27Z",
      "url": "https://api.github.com/repos/dylanaraps/pure-bash-bible",
      "watchers": 20639,
      "watchers_count": 20639,
    },
    "starred_at": "2019-09-19T14:17:13Z",
  },
  Object {
    "repo": Object {
      "archive_url": "https://api.github.com/repos/chakra-ui/chakra-ui/{archive_format}{/ref}",
      "archived": false,
      "assignees_url": "https://api.github.com/repos/chakra-ui/chakra-ui/assignees{/user}",
      "blobs_url": "https://api.github.com/repos/chakra-ui/chakra-ui/git/blobs{/sha}",
      "branches_url": "https://api.github.com/repos/chakra-ui/chakra-ui/branches{/branch}",
      "clone_url": "https://github.com/chakra-ui/chakra-ui.git",
      "collaborators_url": "https://api.github.com/repos/chakra-ui/chakra-ui/collaborators{/collaborator}",
      "comments_url": "https://api.github.com/repos/chakra-ui/chakra-ui/comments{/number}",
      "commits_url": "https://api.github.com/repos/chakra-ui/chakra-ui/commits{/sha}",
      "compare_url": "https://api.github.com/repos/chakra-ui/chakra-ui/compare/{base}...{head}",
      "contents_url": "https://api.github.com/repos/chakra-ui/chakra-ui/contents/{+path}",
      "contributors_url": "https://api.github.com/repos/chakra-ui/chakra-ui/contributors",
      "created_at": "2019-08-17T14:27:54Z",
      "default_branch": "master",
      "deployments_url": "https://api.github.com/repos/chakra-ui/chakra-ui/deployments",
      "description": "⚡️Simple, Modular & Accessible UI Components for your React Applications",
      "disabled": false,
      "downloads_url": "https://api.github.com/repos/chakra-ui/chakra-ui/downloads",
      "events_url": "https://api.github.com/repos/chakra-ui/chakra-ui/events",
      "fork": false,
      "forks": 84,
      "forks_count": 84,
      "forks_url": "https://api.github.com/repos/chakra-ui/chakra-ui/forks",
      "full_name": "chakra-ui/chakra-ui",
      "git_commits_url": "https://api.github.com/repos/chakra-ui/chakra-ui/git/commits{/sha}",
      "git_refs_url": "https://api.github.com/repos/chakra-ui/chakra-ui/git/refs{/sha}",
      "git_tags_url": "https://api.github.com/repos/chakra-ui/chakra-ui/git/tags{/sha}",
      "git_url": "git://github.com/chakra-ui/chakra-ui.git",
      "has_downloads": true,
      "has_issues": true,
      "has_pages": false,
      "has_projects": true,
      "has_wiki": true,
      "homepage": "https://chakra-ui.com",
      "hooks_url": "https://api.github.com/repos/chakra-ui/chakra-ui/hooks",
      "html_url": "https://github.com/chakra-ui/chakra-ui",
      "id": 202890778,
      "issue_comment_url": "https://api.github.com/repos/chakra-ui/chakra-ui/issues/comments{/number}",
      "issue_events_url": "https://api.github.com/repos/chakra-ui/chakra-ui/issues/events{/number}",
      "issues_url": "https://api.github.com/repos/chakra-ui/chakra-ui/issues{/number}",
      "keys_url": "https://api.github.com/repos/chakra-ui/chakra-ui/keys{/key_id}",
      "labels_url": "https://api.github.com/repos/chakra-ui/chakra-ui/labels{/name}",
      "language": "JavaScript",
      "languages_url": "https://api.github.com/repos/chakra-ui/chakra-ui/languages",
      "license": Object {
        "key": "mit",
        "name": "MIT License",
        "node_id": "MDc6TGljZW5zZTEz",
        "spdx_id": "MIT",
        "url": "https://api.github.com/licenses/mit",
      },
      "merges_url": "https://api.github.com/repos/chakra-ui/chakra-ui/merges",
      "milestones_url": "https://api.github.com/repos/chakra-ui/chakra-ui/milestones{/number}",
      "mirror_url": null,
      "name": "chakra-ui",
      "node_id": "MDEwOlJlcG9zaXRvcnkyMDI4OTA3Nzg=",
      "notifications_url": "https://api.github.com/repos/chakra-ui/chakra-ui/notifications{?since,all,participating}",
      "open_issues": 36,
      "open_issues_count": 36,
      "owner": Object {
        "avatar_url": "https://avatars0.githubusercontent.com/u/54212428?v=4",
        "events_url": "https://api.github.com/users/chakra-ui/events{/privacy}",
        "followers_url": "https://api.github.com/users/chakra-ui/followers",
        "following_url": "https://api.github.com/users/chakra-ui/following{/other_user}",
        "gists_url": "https://api.github.com/users/chakra-ui/gists{/gist_id}",
        "gravatar_id": "",
        "html_url": "https://github.com/chakra-ui",
        "id": 54212428,
        "login": "chakra-ui",
        "node_id": "MDEyOk9yZ2FuaXphdGlvbjU0MjEyNDI4",
        "organizations_url": "https://api.github.com/users/chakra-ui/orgs",
        "received_events_url": "https://api.github.com/users/chakra-ui/received_events",
        "repos_url": "https://api.github.com/users/chakra-ui/repos",
        "site_admin": false,
        "starred_url": "https://api.github.com/users/chakra-ui/starred{/owner}{/repo}",
        "subscriptions_url": "https://api.github.com/users/chakra-ui/subscriptions",
        "type": "Organization",
        "url": "https://api.github.com/users/chakra-ui",
      },
      "permissions": Object {
        "admin": false,
        "pull": true,
        "push": false,
      },
      "private": false,
      "pulls_url": "https://api.github.com/repos/chakra-ui/chakra-ui/pulls{/number}",
      "pushed_at": "2019-09-24T16:22:50Z",
      "releases_url": "https://api.github.com/repos/chakra-ui/chakra-ui/releases{/id}",
      "size": 3690,
      "ssh_url": "git@github.com:chakra-ui/chakra-ui.git",
      "stargazers_count": 2029,
      "stargazers_url": "https://api.github.com/repos/chakra-ui/chakra-ui/stargazers",
      "statuses_url": "https://api.github.com/repos/chakra-ui/chakra-ui/statuses/{sha}",
      "subscribers_url": "https://api.github.com/repos/chakra-ui/chakra-ui/subscribers",
      "subscription_url": "https://api.github.com/repos/chakra-ui/chakra-ui/subscription",
      "svn_url": "https://github.com/chakra-ui/chakra-ui",
      "tags_url": "https://api.github.com/repos/chakra-ui/chakra-ui/tags",
      "teams_url": "https://api.github.com/repos/chakra-ui/chakra-ui/teams",
      "topics": Array [
        "a11y",
        "accessible",
        "chakra-ui",
        "dark-mode",
        "react",
        "react-components",
        "reactjs",
        "ui-components",
        "ui-library",
        "uikit",
        "wai-aria",
      ],
      "trees_url": "https://api.github.com/repos/chakra-ui/chakra-ui/git/trees{/sha}",
      "updated_at": "2019-09-24T20:14:22Z",
      "url": "https://api.github.com/repos/chakra-ui/chakra-ui",
      "watchers": 2029,
      "watchers_count": 2029,
    },
    "starred_at": "2019-09-05T21:49:10Z",
  },
]
`;
